   .d88888b.                             888b     d888 888b     d888 8888888b.          888 
  d88P" "Y88b                            8888b   d8888 8888b   d8888 888   Y88b         888 
  888     888                            88888b.d88888 88888b.d88888 888    888         888 
  888     888 88888b.   .d88b.  88888b.  888Y88888P888 888Y88888P888 888   d88P .d88b.  888 
  888     888 888 "88b d8P  Y8b 888 "88b 888 Y888P 888 888 Y888P 888 8888888P" d88""88b 888 
  888     888 888  888 88888888 888  888 888  Y8P  888 888  Y8P  888 888       888  888 888 
  Y88b. .d88P 888 d88P Y8b.     888  888 888   "   888 888   "   888 888       Y88..88P 888 
   "Y88888P"  88888P"   "Y8888  888  888 888       888 888       888 888        "Y88P"  888 
              888                                                                           
              888                                                                           
              888                                                                           
  an open-source implementation of MMPol and AMOEBA embedding for polarizable QM/MM
    by Vladislav Slama, Lorenzo Cupellini, Benedetta Mennucci, ..., Filippo Lipparini
    MoLECoLab Pisa

  parameters:     
  =============================================
    force field:                       AMOEBA  
    solution method:       conjugate gradient  
    algorithm:                         incore  
    convergence threshold:           0.10D-07
    # mm atoms:                            12
    # polarizable atoms:                   12
  =============================================

  ri:
                 1               2               3
        0.49096617      0.11903181     -0.86300849
        0.56964872     -0.79336421      0.21464756
       -0.65913016     -0.59699637     -0.45732130
  ri:
                 1               2               3
       -0.87559596     -0.46667322     -0.12469090
       -0.14513856      0.00796304      0.98937929
       -0.46072391      0.88439397     -0.07470468
  ri:
                 1               2               3
       -0.91503169      0.40312574     -0.01437479
        0.37548599      0.83818969     -0.39553549
       -0.14740174     -0.36732504     -0.91833819
  ri:
                 1               2               3
       -0.63521899      0.06423805     -0.76965597
        0.36759848     -0.85127337     -0.37443960
       -0.67924090     -0.52077551      0.51713120
  ri:
                 1               2               3
       -0.99397399     -0.10340927     -0.03636254
       -0.10457407      0.79510755      0.59738451
       -0.03286297      0.59758724     -0.80113015
  ri:
                 1               2               3
       -0.99397399      0.10340927      0.03636254
       -0.10457407     -0.79510755     -0.59738451
       -0.03286297     -0.59758724      0.80113015
  ri:
                 1               2               3
       -0.52616432     -0.10340927      0.84407205
        0.46612922      0.79510755      0.38797879
       -0.71124866      0.59758724     -0.37015514
  ri:
                 1               2               3
        0.50585685     -0.11727341      0.85460856
        0.54991266      0.80714426     -0.21474220
       -0.66460884      0.57858888      0.47278959
  ri:
                 1               2               3
        0.99285807      0.09856782      0.06721046
        0.03714868     -0.79078877      0.61096080
        0.11337035     -0.60410058     -0.78880267
  ri:
                 1               2               3
       -0.26074286      0.10654774      0.95951068
        0.61837292      0.78167448      0.08124003
       -0.74136906      0.61451818     -0.26970228
  ri:
                 1               2               3
        0.19563985     -0.91585169     -0.35062904
        0.32784376     -0.27588741      0.90355111
       -0.92425295     -0.29172215      0.24628169
  ri:
                 1               2               3
        0.26427254      0.80940668     -0.52442431
        0.78635936     -0.49565501     -0.36873441
       -0.55838963     -0.31493959     -0.76747252
  coordinates:
                 1               2               3
        3.94196870     -4.37717262      0.19520871
        4.19934939     -6.41939965      0.34941036
        3.97163740     -3.56081094      2.09060401
        5.53103939     -3.60408566     -0.87248655
        1.46888412     -3.76206677     -1.11531636
        1.38554719     -2.39296019     -2.95137426
       -0.68786031     -4.75341709     -0.16950843
       -2.31756012     -4.34391344     -1.07109677
       -0.87418731     -6.44717862      2.01728264
       -2.85613206     -6.61498630      2.57437390
       -0.14966631     -8.31422803      1.50837939
        0.20919268     -5.68543002      3.60276286
  multipoles - non rotated:
                 1               2               3               4               5
        0.00000000      0.00000000      0.00000000      0.00000000      0.33333333
        0.00000000      0.00000000      0.00000000      0.00000000      0.00000000
        0.00000000      0.00000000      0.00000000      0.00000000      0.00000000
        0.00000000      0.00000000      0.00000000      0.00000000      0.00000000
        0.00000000      0.00000000      0.00000000      0.00000000      0.00000000
        0.00000000      0.00000000      0.00000000      0.00000000      0.00000000
        0.00000000      0.00000000      0.00000000      0.00000000      0.00000000
        0.00000000      0.00000000      0.00000000      0.00000000      0.00000000
        0.00000000      0.00000000      0.00000000      0.00000000      0.00000000
        0.00000000      0.00000000      0.00000000      0.00000000      0.00000000
        0.00000000      0.00000000      0.00000000      0.00000000      0.00000000
        0.00000000      0.00000000      0.00000000      0.00000000      0.00000000

                 6               7               8               9              10
        0.00000000      0.00000000      0.00000000      0.00000000      0.00000000
        0.00000000      0.00000000      0.00000000      0.00000000      0.00000000
        0.00000000      0.00000000      0.00000000      0.00000000      0.00000000
        0.00000000      0.00000000      0.00000000      0.00000000      0.00000000
        0.00000000      0.00000000      0.00000000      0.00000000      0.00000000
        0.00000000      0.00000000      0.00000000      0.00000000      0.00000000
        0.00000000      0.00000000      0.00000000      0.00000000      0.00000000
        0.00000000      0.00000000      0.00000000      0.00000000      0.00000000
        0.00000000      0.00000000      0.00000000      0.00000000      0.00000000
        0.00000000      0.00000000      0.00000000      0.00000000      0.00000000
        0.00000000      0.00000000      0.00000000      0.00000000      0.00000000
        0.00000000      0.00000000      0.00000000      0.00000000      0.00000000

  multipoles :
                 1               2               3               4               5
        0.00000000      0.00000000      0.00000000      0.00000000      0.08034926
        0.00000000      0.00000000      0.00000000      0.00000000      0.00000000
        0.00000000      0.00000000      0.00000000      0.00000000      0.00000000
        0.00000000      0.00000000      0.00000000      0.00000000      0.00000000
        0.00000000      0.00000000      0.00000000      0.00000000      0.00000000
        0.00000000      0.00000000      0.00000000      0.00000000      0.00000000
        0.00000000      0.00000000      0.00000000      0.00000000      0.00000000
        0.00000000      0.00000000      0.00000000      0.00000000      0.00000000
        0.00000000      0.00000000      0.00000000      0.00000000      0.00000000
        0.00000000      0.00000000      0.00000000      0.00000000      0.00000000
        0.00000000      0.00000000      0.00000000      0.00000000      0.00000000
        0.00000000      0.00000000      0.00000000      0.00000000      0.00000000

                 6               7               8               9              10
        0.09322608      0.10816655     -0.10787020     -0.12515755      0.14481752
        0.00000000      0.00000000      0.00000000      0.00000000      0.00000000
        0.00000000      0.00000000      0.00000000      0.00000000      0.00000000
        0.00000000      0.00000000      0.00000000      0.00000000      0.00000000
        0.00000000      0.00000000      0.00000000      0.00000000      0.00000000
        0.00000000      0.00000000      0.00000000      0.00000000      0.00000000
        0.00000000      0.00000000      0.00000000      0.00000000      0.00000000
        0.00000000      0.00000000      0.00000000      0.00000000      0.00000000
        0.00000000      0.00000000      0.00000000      0.00000000      0.00000000
        0.00000000      0.00000000      0.00000000      0.00000000      0.00000000
        0.00000000      0.00000000      0.00000000      0.00000000      0.00000000
        0.00000000      0.00000000      0.00000000      0.00000000      0.00000000

  coordinates of polarizable atoms:
                 1               2               3
        3.94196870     -4.37717262      0.19520871
        4.19934939     -6.41939965      0.34941036
        3.97163740     -3.56081094      2.09060401
        5.53103939     -3.60408566     -0.87248655
        1.46888412     -3.76206677     -1.11531636
        1.38554719     -2.39296019     -2.95137426
       -0.68786031     -4.75341709     -0.16950843
       -2.31756012     -4.34391344     -1.07109677
       -0.87418731     -6.44717862      2.01728264
       -2.85613206     -6.61498630      2.57437390
       -0.14966631     -8.31422803      1.50837939
        0.20919268     -5.68543002      3.60276286
  polarizabilities:
                 1
        9.00227821
        3.34717391
        3.34717391
        3.34717391
        9.00227821
        5.64835597
        7.24096291
        3.34717391
        9.00227821
        3.34717391
        3.34717391
        3.34717391
  thole factors:
                 1
        1.44231041
        1.22305610
        1.22305610
        1.22305610
        1.44231041
        1.33450542
        1.39091115
        1.22305610
        1.44231041
        1.22305610
        1.22305610
        1.22305610
  mm_polar list:
           1       2       3       4       5       6       7       8       9      10
          11      12
  polar_mm list:
           1       2       3       4       5       6       7       8       9      10
          11      12
  connectivity information for the        1-th atom:
  1-2 neighors:
           2       3       4       5
  1-3 neighors:
           6       7
  1-4 neighors:
           8       9
  1-5 neighors:
          10      11      12
  1-1 polarization neighors:
           1       2       3       4
  1-2 polarization neighors:
           5       6       7       8
  1-3 polarization neighors:
           9      10      11      12
  1-4 polarization neighors:

  connectivity information for the        2-th atom:
  1-2 neighors:
           1
  1-3 neighors:
           3       4       5
  1-4 neighors:
           6       7
  1-5 neighors:
           8       9
  1-1 polarization neighors:
           1       2       3       4
  1-2 polarization neighors:
           5       6       7       8
  1-3 polarization neighors:
           9      10      11      12
  1-4 polarization neighors:

  connectivity information for the        3-th atom:
  1-2 neighors:
           1
  1-3 neighors:
           2       4       5
  1-4 neighors:
           6       7
  1-5 neighors:
           8       9
  1-1 polarization neighors:
           1       2       3       4
  1-2 polarization neighors:
           5       6       7       8
  1-3 polarization neighors:
           9      10      11      12
  1-4 polarization neighors:

  connectivity information for the        4-th atom:
  1-2 neighors:
           1
  1-3 neighors:
           2       3       5
  1-4 neighors:
           6       7
  1-5 neighors:
           8       9
  1-1 polarization neighors:
           1       2       3       4
  1-2 polarization neighors:
           5       6       7       8
  1-3 polarization neighors:
           9      10      11      12
  1-4 polarization neighors:

  connectivity information for the        5-th atom:
  1-2 neighors:
           1       6       7
  1-3 neighors:
           2       3       4       8       9
  1-4 neighors:
          10      11      12
  1-5 neighors:

  1-1 polarization neighors:
           5       6       7       8
  1-2 polarization neighors:
           1       2       3       4       9      10      11      12
  1-3 polarization neighors:

  1-4 polarization neighors:

  connectivity information for the        6-th atom:
  1-2 neighors:
           5
  1-3 neighors:
           1       7
  1-4 neighors:
           2       3       4       8       9
  1-5 neighors:
          10      11      12
  1-1 polarization neighors:
           5       6       7       8
  1-2 polarization neighors:
           1       2       3       4       9      10      11      12
  1-3 polarization neighors:

  1-4 polarization neighors:

  connectivity information for the        7-th atom:
  1-2 neighors:
           5       8       9
  1-3 neighors:
           1       6      10      11      12
  1-4 neighors:
           2       3       4
  1-5 neighors:

  1-1 polarization neighors:
           5       6       7       8
  1-2 polarization neighors:
           1       2       3       4       9      10      11      12
  1-3 polarization neighors:

  1-4 polarization neighors:

  connectivity information for the        8-th atom:
  1-2 neighors:
           7
  1-3 neighors:
           5       9
  1-4 neighors:
           1       6      10      11      12
  1-5 neighors:
           2       3       4
  1-1 polarization neighors:
           5       6       7       8
  1-2 polarization neighors:
           1       2       3       4       9      10      11      12
  1-3 polarization neighors:

  1-4 polarization neighors:

  connectivity information for the        9-th atom:
  1-2 neighors:
           7      10      11      12
  1-3 neighors:
           5       8
  1-4 neighors:
           1       6
  1-5 neighors:
           2       3       4
  1-1 polarization neighors:
           9      10      11      12
  1-2 polarization neighors:
           5       6       7       8
  1-3 polarization neighors:
           1       2       3       4
  1-4 polarization neighors:

  connectivity information for the       10-th atom:
  1-2 neighors:
           9
  1-3 neighors:
           7      11      12
  1-4 neighors:
           5       8
  1-5 neighors:
           1       6
  1-1 polarization neighors:
           9      10      11      12
  1-2 polarization neighors:
           5       6       7       8
  1-3 polarization neighors:
           1       2       3       4
  1-4 polarization neighors:

  connectivity information for the       11-th atom:
  1-2 neighors:
           9
  1-3 neighors:
           7      10      12
  1-4 neighors:
           5       8
  1-5 neighors:
           1       6
  1-1 polarization neighors:
           9      10      11      12
  1-2 polarization neighors:
           5       6       7       8
  1-3 polarization neighors:
           1       2       3       4
  1-4 polarization neighors:

  connectivity information for the       12-th atom:
  1-2 neighors:
           9
  1-3 neighors:
           7      10      11
  1-4 neighors:
           5       8
  1-5 neighors:
           1       6
  1-1 polarization neighors:
           9      10      11      12
  1-2 polarization neighors:
           5       6       7       8
  1-3 polarization neighors:
           1       2       3       4
  1-4 polarization neighors:

  multipoles :
                 1               2               3               4               5
        0.00000000      0.00000000      0.00000000      0.00000000      0.08034926
        0.00000000      0.00000000      0.00000000      0.00000000      0.00000000
        0.00000000      0.00000000      0.00000000      0.00000000      0.00000000
        0.00000000      0.00000000      0.00000000      0.00000000      0.00000000
        0.00000000      0.00000000      0.00000000      0.00000000      0.00000000
        0.00000000      0.00000000      0.00000000      0.00000000      0.00000000
        0.00000000      0.00000000      0.00000000      0.00000000      0.00000000
        0.00000000      0.00000000      0.00000000      0.00000000      0.00000000
        0.00000000      0.00000000      0.00000000      0.00000000      0.00000000
        0.00000000      0.00000000      0.00000000      0.00000000      0.00000000
        0.00000000      0.00000000      0.00000000      0.00000000      0.00000000
        0.00000000      0.00000000      0.00000000      0.00000000      0.00000000

                 6               7               8               9              10
        0.09322608      0.10816655     -0.10787020     -0.12515755      0.14481752
        0.00000000      0.00000000      0.00000000      0.00000000      0.00000000
        0.00000000      0.00000000      0.00000000      0.00000000      0.00000000
        0.00000000      0.00000000      0.00000000      0.00000000      0.00000000
        0.00000000      0.00000000      0.00000000      0.00000000      0.00000000
        0.00000000      0.00000000      0.00000000      0.00000000      0.00000000
        0.00000000      0.00000000      0.00000000      0.00000000      0.00000000
        0.00000000      0.00000000      0.00000000      0.00000000      0.00000000
        0.00000000      0.00000000      0.00000000      0.00000000      0.00000000
        0.00000000      0.00000000      0.00000000      0.00000000      0.00000000
        0.00000000      0.00000000      0.00000000      0.00000000      0.00000000
        0.00000000      0.00000000      0.00000000      0.00000000      0.00000000

  VMM:
                 1               2               3               4               5
        0.00000000      0.00000000      0.00000000      0.00000000      0.00000000
        0.00000000      0.00000000      0.00000000      0.00000000      0.00000000
        0.00000000      0.00000000      0.00000000      0.00000000      0.00000000
        0.00000000      0.00000000      0.00000000      0.00000000      0.00000000
        0.00000000      0.00000000      0.00000000      0.00000000      0.00000000
        0.00000000      0.00000000      0.00000000      0.00000000      0.00000000
        0.00000000      0.00000000      0.00000000      0.00000000      0.00000000
        0.00000000      0.00000000      0.00000000      0.00000000      0.00000000
        0.00000000      0.00000000      0.00000000      0.00000000      0.00000000
        0.00000000      0.00000000      0.00000000      0.00000000      0.00000000

                 6               7               8               9              10
        0.00000000      0.00000000      0.00018549      0.00171040      0.00125229
        0.00000000      0.00000000     -0.00006028     -0.00098328     -0.00054936
        0.00000000      0.00000000      0.00009597     -0.00016406     -0.00001549
        0.00000000      0.00000000     -0.00013896      0.00003071     -0.00000521
        0.00000000      0.00000000      0.00002239      0.00066919      0.00029398
        0.00000000      0.00000000     -0.00005248      0.00023157      0.00004734
        0.00000000      0.00000000      0.00000248     -0.00023398     -0.00011178
        0.00000000      0.00000000      0.00007836     -0.00012670     -0.00003909
        0.00000000      0.00000000     -0.00004367     -0.00001389      0.00000408
        0.00000000      0.00000000      0.00005044     -0.00028327     -0.00011663

                11              12
        0.00311548      0.00479971
       -0.00127865     -0.00230959
       -0.00111194     -0.00001830
       -0.00020036      0.00168860
        0.00046089      0.00103165
        0.00082482      0.00020893
        0.00027961     -0.00090368
        0.00001414     -0.00150081
        0.00002125     -0.00013956
       -0.00050254      0.00028455
  EMM 1:
                 1               2               3               4               5
        0.00000000      0.00000000      0.00000000      0.00000000     -0.00000000
        0.00000000      0.00000000      0.00000000      0.00000000     -0.00000000
        0.00000000      0.00000000      0.00000000      0.00000000      0.00000000

                 6               7               8               9              10
       -0.00207709     -0.00111743     -0.00015070     -0.00237877     -0.00068670
       -0.00028805      0.00094510      0.00023992     -0.00037931     -0.00001936
       -0.00003135     -0.00145257     -0.00034741      0.00005107     -0.00000651

                11              12
       -0.00159807     -0.00287543
       -0.00138971     -0.00001928
       -0.00025052      0.00210044
  EMM 2:
                 1               2               3               4               5
        0.00000000      0.00000000      0.00000000      0.00000000      0.00000000
        0.00000000      0.00000000      0.00000000      0.00000000      0.00000000
        0.00000000      0.00000000      0.00000000      0.00000000      0.00000000

                 6               7               8               9              10
        0.00000000      0.00000000     -0.00015070     -0.00237877     -0.00068670
        0.00000000      0.00000000      0.00023992     -0.00037931     -0.00001936
        0.00000000      0.00000000     -0.00034741      0.00005107     -0.00000651

                11              12
       -0.00159807     -0.00287543
       -0.00138971     -0.00001928
       -0.00025052      0.00210044
  dVMM@MM:
                 1               2               3               4               5
        0.00000000      0.00000000      0.00000000      0.00000000     -0.00000000
        0.00000000      0.00000000      0.00000000      0.00000000      0.00000000
        0.00000000      0.00000000      0.00000000      0.00000000      0.00000000
        0.00000000      0.00000000      0.00000000      0.00000000      0.00000000
        0.00000000      0.00000000      0.00000000      0.00000000     -0.00000000
        0.00000000      0.00000000     -0.00000000      0.00000000     -0.00000000
        0.00000000      0.00000000      0.00000000      0.00000000     -0.00000000
        0.00000000     -0.00000000      0.00000000     -0.00000000      0.00000000
        0.00000000      0.00000000      0.00000000      0.00000000     -0.00000000
        0.00000000      0.00000000     -0.00000000      0.00000000      0.00000000
        0.00000000      0.00000000     -0.00000000      0.00000000     -0.00000000
        0.00000000      0.00000000      0.00000000      0.00000000     -0.00000000
        0.00000000      0.00000000      0.00000000      0.00000000     -0.00000000
        0.00000000      0.00000000     -0.00000000      0.00000000     -0.00000000
        0.00000000     -0.00000000      0.00000000      0.00000000      0.00000000
        0.00000000      0.00000000     -0.00000000      0.00000000     -0.00000000
        0.00000000     -0.00000000     -0.00000000      0.00000000      0.00000000
        0.00000000      0.00000000     -0.00000000      0.00000000      0.00000000
        0.00000000     -0.00000000      0.00000000      0.00000000     -0.00000000

                 6               7               8               9              10
        0.00000000      0.00000000     -0.00006028     -0.00098328     -0.00054936
        0.00000000      0.00000000      0.00009597     -0.00016406     -0.00001549
        0.00000000      0.00000000     -0.00013896      0.00003071     -0.00000521
        0.00000000      0.00000000      0.00002239      0.00066919      0.00029398
        0.00000000      0.00000000     -0.00005248      0.00023157      0.00004734
       -0.00000000      0.00000000      0.00000248     -0.00023398     -0.00011178
        0.00000000      0.00000000      0.00007836     -0.00012670     -0.00003909
        0.00000000      0.00000000     -0.00004367     -0.00001389      0.00000408
        0.00000000      0.00000000      0.00005044     -0.00028327     -0.00011663
        0.00000000      0.00000000     -0.00000695     -0.00049769     -0.00017951
        0.00000000      0.00000000      0.00003484     -0.00028830     -0.00005578
       -0.00000000      0.00000000     -0.00005315      0.00019332      0.00005243
       -0.00000000      0.00000000     -0.00000505      0.00015690      0.00006846
        0.00000000      0.00000000      0.00003484      0.00005164      0.00000449
        0.00000000      0.00000000     -0.00004579      0.00022199      0.00007187
        0.00000000     -0.00000000     -0.00003510      0.00017338      0.00003101
        0.00000000      0.00000000      0.00001425     -0.00003037     -0.00001014
        0.00000000     -0.00000000      0.00000056      0.00006386      0.00001187
        0.00000000      0.00000000      0.00002721     -0.00011801     -0.00002858

                11              12
       -0.00127865     -0.00230959
       -0.00111194     -0.00001830
       -0.00020036      0.00168860
        0.00046089      0.00103165
        0.00082482      0.00020893
        0.00027961     -0.00090368
        0.00001414     -0.00150081
        0.00002125     -0.00013956
       -0.00050254      0.00028455
       -0.00001208     -0.00016912
       -0.00055746     -0.00026136
        0.00004592      0.00122817
       -0.00045415      0.00064115
        0.00004201      0.00026643
        0.00032290     -0.00075451
        0.00012598      0.00027429
        0.00002727     -0.00051835
        0.00029357     -0.00011193
       -0.00002720     -0.00045196
  GMM@MM 1:
                 1               2               3               4               5
        0.00000000      0.00000000      0.00000000      0.00000000      0.00067708
        0.00000000      0.00000000      0.00000000      0.00000000      0.00078559
        0.00000000      0.00000000      0.00000000      0.00000000      0.00091149
        0.00000000      0.00000000      0.00000000      0.00000000     -0.00090899
        0.00000000      0.00000000      0.00000000      0.00000000     -0.00105467
        0.00000000      0.00000000      0.00000000      0.00000000      0.00122034

                 6               7               8               9              10
        0.00214008      0.00193206      0.00005598      0.00187559      0.00036747
       -0.00044619     -0.00055975     -0.00013120      0.00067085      0.00005917
       -0.00035667     -0.00031120      0.00000619     -0.00052293     -0.00013972
        0.00110512      0.00117972      0.00019591     -0.00040310     -0.00004887
       -0.00018461     -0.00028516     -0.00010917     -0.00007620      0.00000510
        0.00003704      0.00014613      0.00012609     -0.00065233     -0.00014579

                11              12
        0.00057719      0.00133003
        0.00103201      0.00027617
        0.00035053     -0.00112046
        0.00001731     -0.00191104
        0.00002620     -0.00018849
       -0.00062798      0.00039184
  GMM@MM 2:
                 1               2               3               4               5
        0.00000000      0.00000000      0.00000000      0.00000000      0.00000000
        0.00000000      0.00000000      0.00000000      0.00000000      0.00000000
        0.00000000      0.00000000      0.00000000      0.00000000      0.00000000
        0.00000000      0.00000000      0.00000000      0.00000000      0.00000000
        0.00000000      0.00000000      0.00000000      0.00000000      0.00000000
        0.00000000      0.00000000      0.00000000      0.00000000      0.00000000

                 6               7               8               9              10
        0.00000000      0.00000000      0.00005598      0.00187559      0.00036747
        0.00000000      0.00000000     -0.00013120      0.00067085      0.00005917
        0.00000000      0.00000000      0.00000619     -0.00052293     -0.00013972
        0.00000000      0.00000000      0.00019591     -0.00040310     -0.00004887
        0.00000000      0.00000000     -0.00010917     -0.00007620      0.00000510
        0.00000000      0.00000000      0.00012609     -0.00065233     -0.00014579

                11              12
        0.00057719      0.00133003
        0.00103201      0.00027617
        0.00035053     -0.00112046
        0.00001731     -0.00191104
        0.00002620     -0.00018849
       -0.00062798      0.00039184
